// Jest Snapshot v1, https://goo.gl/fbAQLP

exports[`Render ModalVideo correctly 1`] = `null`;
